// Jest Snapshot v1, https://goo.gl/fbAQLP

exports[`Button should match the snapshot 1`] = `
ShallowWrapper {
  Symbol(enzyme.__root__): [Circular],
  Symbol(enzyme.__unrendered__): <Button />,
  Symbol(enzyme.__renderer__): Object {
    "batchedUpdates": [Function],
    "getNode": [Function],
    "render": [Function],
    "simulateEvent": [Function],
    "unmount": [Function],
  },
  Symbol(enzyme.__node__): Object {
    "instance": null,
    "key": undefined,
    "nodeType": "host",
    "props": Object {
      "children": Array [
        <div
          className="button people-button"
          onClick={[Function]}
>
          people
</div>,
        <div
          className="button planets-button"
          onClick={[Function]}
>
          planets
</div>,
        <div
          className="button vehicles-button"
          onClick={[Function]}
>
          vehicles
</div>,
      ],
      "className": "button-container",
    },
    "ref": null,
    "rendered": Array [
      Object {
        "instance": null,
        "key": undefined,
        "nodeType": "host",
        "props": Object {
          "children": "people",
          "className": "button people-button",
          "onClick": [Function],
        },
        "ref": null,
        "rendered": "people",
        "type": "div",
      },
      Object {
        "instance": null,
        "key": undefined,
        "nodeType": "host",
        "props": Object {
          "children": "planets",
          "className": "button planets-button",
          "onClick": [Function],
        },
        "ref": null,
        "rendered": "planets",
        "type": "div",
      },
      Object {
        "instance": null,
        "key": undefined,
        "nodeType": "host",
        "props": Object {
          "children": "vehicles",
          "className": "button vehicles-button",
          "onClick": [Function],
        },
        "ref": null,
        "rendered": "vehicles",
        "type": "div",
      },
    ],
    "type": "div",
  },
  Symbol(enzyme.__nodes__): Array [
    Object {
      "instance": null,
      "key": undefined,
      "nodeType": "host",
      "props": Object {
        "children": Array [
          <div
            className="button people-button"
            onClick={[Function]}
>
            people
</div>,
          <div
            className="button planets-button"
            onClick={[Function]}
>
            planets
</div>,
          <div
            className="button vehicles-button"
            onClick={[Function]}
>
            vehicles
</div>,
        ],
        "className": "button-container",
      },
      "ref": null,
      "rendered": Array [
        Object {
          "instance": null,
          "key": undefined,
          "nodeType": "host",
          "props": Object {
            "children": "people",
            "className": "button people-button",
            "onClick": [Function],
          },
          "ref": null,
          "rendered": "people",
          "type": "div",
        },
        Object {
          "instance": null,
          "key": undefined,
          "nodeType": "host",
          "props": Object {
            "children": "planets",
            "className": "button planets-button",
            "onClick": [Function],
          },
          "ref": null,
          "rendered": "planets",
          "type": "div",
        },
        Object {
          "instance": null,
          "key": undefined,
          "nodeType": "host",
          "props": Object {
            "children": "vehicles",
            "className": "button vehicles-button",
            "onClick": [Function],
          },
          "ref": null,
          "rendered": "vehicles",
          "type": "div",
        },
      ],
      "type": "div",
    },
  ],
  Symbol(enzyme.__options__): Object {
    "adapter": ReactSixteenAdapter {
      "options": Object {
        "enableComponentDidUpdateOnSetState": true,
        "lifecycles": Object {
          "componentDidUpdate": Object {
            "onSetState": true,
          },
          "getSnapshotBeforeUpdate": true,
        },
      },
    },
    "attachTo": undefined,
    "hydrateIn": undefined,
  },
}
`;
