// Jest Snapshot v1, https://goo.gl/fbAQLP

exports[`MovieText should match the snaphot 1`] = `
ShallowWrapper {
  Symbol(enzyme.__root__): [Circular],
  Symbol(enzyme.__unrendered__): <MovieText
    movies={
        Object {
            "opening_crawl": "sdklncknd",
            "release_date": 38932,
            "title": "blaw",
          }
    }
/>,
  Symbol(enzyme.__renderer__): Object {
    "batchedUpdates": [Function],
    "getNode": [Function],
    "render": [Function],
    "simulateEvent": [Function],
    "unmount": [Function],
  },
  Symbol(enzyme.__node__): Object {
    "instance": null,
    "key": undefined,
    "nodeType": "host",
    "props": Object {
      "children": Array [
        <p
          className="crawl-text"
>
          sdklncknd
</p>,
        <h3>
          blaw
</h3>,
        <h3>
          38932
</h3>,
      ],
      "className": "movie-text",
      "direction": "up",
      "scrollspeed": "20",
    },
    "ref": null,
    "rendered": Array [
      Object {
        "instance": null,
        "key": undefined,
        "nodeType": "host",
        "props": Object {
          "children": "sdklncknd",
          "className": "crawl-text",
        },
        "ref": null,
        "rendered": "sdklncknd",
        "type": "p",
      },
      Object {
        "instance": null,
        "key": undefined,
        "nodeType": "host",
        "props": Object {
          "children": "blaw",
        },
        "ref": null,
        "rendered": "blaw",
        "type": "h3",
      },
      Object {
        "instance": null,
        "key": undefined,
        "nodeType": "host",
        "props": Object {
          "children": 38932,
        },
        "ref": null,
        "rendered": 38932,
        "type": "h3",
      },
    ],
    "type": "marquee",
  },
  Symbol(enzyme.__nodes__): Array [
    Object {
      "instance": null,
      "key": undefined,
      "nodeType": "host",
      "props": Object {
        "children": Array [
          <p
            className="crawl-text"
>
            sdklncknd
</p>,
          <h3>
            blaw
</h3>,
          <h3>
            38932
</h3>,
        ],
        "className": "movie-text",
        "direction": "up",
        "scrollspeed": "20",
      },
      "ref": null,
      "rendered": Array [
        Object {
          "instance": null,
          "key": undefined,
          "nodeType": "host",
          "props": Object {
            "children": "sdklncknd",
            "className": "crawl-text",
          },
          "ref": null,
          "rendered": "sdklncknd",
          "type": "p",
        },
        Object {
          "instance": null,
          "key": undefined,
          "nodeType": "host",
          "props": Object {
            "children": "blaw",
          },
          "ref": null,
          "rendered": "blaw",
          "type": "h3",
        },
        Object {
          "instance": null,
          "key": undefined,
          "nodeType": "host",
          "props": Object {
            "children": 38932,
          },
          "ref": null,
          "rendered": 38932,
          "type": "h3",
        },
      ],
      "type": "marquee",
    },
  ],
  Symbol(enzyme.__options__): Object {
    "adapter": ReactSixteenAdapter {
      "options": Object {
        "enableComponentDidUpdateOnSetState": true,
        "lifecycles": Object {
          "componentDidUpdate": Object {
            "onSetState": true,
          },
          "getSnapshotBeforeUpdate": true,
        },
      },
    },
    "attachTo": undefined,
    "hydrateIn": undefined,
  },
}
`;
